<html>
<body>
<pre>
<h1>µVision Build Log</h1>
<h2>Tool Versions:</h2>
IDE-Version: µVision V5.25.2.0
Copyright (C) 2018 ARM Ltd and ARM Germany GmbH. All rights reserved.
License Information: OIT SMU, Southern Methodist University, LIC=----
 
Tool Versions:
Toolchain:       MDK-Lite  Version: 5.25.2.0
Toolchain Path:  C:\Keil_v5\ARM\ARMCC\Bin
C Compiler:      Armcc.exe V5.06 update 6 (build 750)
Assembler:       Armasm.exe V5.06 update 6 (build 750)
Linker/Locator:  ArmLink.exe V5.06 update 6 (build 750)
Library Manager: ArmAr.exe V5.06 update 6 (build 750)
Hex Converter:   FromElf.exe V5.06 update 6 (build 750)
CPU DLL:         SARMCM3.DLL V5.25.2.0
Dialog DLL:      DCM.DLL V1.17.1.0
Target DLL:      UL2CM3.DLL V1.160.12.0
Dialog DLL:      TCM.DLL V1.35.1.0
 
<h2>Project:</h2>
C:\Keil_v5\ARM\Boards\Keil\MCBSTM32C\RTX_Traffic\stmachine\stmachine.uvproj
Project File Date:  04/26/2024

<h2>Output:</h2>
*** Using Compiler 'V5.06 update 6 (build 750)', folder: 'C:\Keil_v5\ARM\ARMCC\Bin'
Build target 'Target 1'
compiling statemachine.c...
statemachine.c(19): warning:  #1295-D: Deprecated declaration EXTI0_IRQHandler - give arg types
  void EXTI0_IRQHandler();
statemachine.c(20): warning:  #1295-D: Deprecated declaration EXTI9_5_IRQHandler - give arg types
  void EXTI9_5_IRQHandler();
statemachine.c(21): warning:  #1295-D: Deprecated declaration EXTI15_10_IRQHandler - give arg types
  void EXTI15_10_IRQHandler();
statemachine.c(157): warning:  #223-D: function "delay" declared implicitly
                      delay(3);
statemachine.c(188): warning:  #1-D: last line of file ends without a newline
  }
statemachine.c: 5 warnings, 0 errors
linking...
Program Size: Code=5272 RO-data=6672 RW-data=44 ZI-data=1028  
".\Objects\stmachine.axf" - 0 Error(s), 5 Warning(s).
Build Time Elapsed:  00:00:00
</pre>
</body>
</html>
