Component: ARM Compiler 5.06 update 6 (build 750) Tool: armlink [4d35ed]

==============================================================================

Section Cross References

    glcd_spi_stm32.o(i.GLCD_Bargraph) refers to glcd_spi_stm32.o(i.GLCD_SetWindow) for GLCD_SetWindow
    glcd_spi_stm32.o(i.GLCD_Bargraph) refers to glcd_spi_stm32.o(i.wr_cmd) for wr_cmd
    glcd_spi_stm32.o(i.GLCD_Bargraph) refers to glcd_spi_stm32.o(i.wr_dat_start) for wr_dat_start
    glcd_spi_stm32.o(i.GLCD_Bargraph) refers to glcd_spi_stm32.o(i.wr_dat_only) for wr_dat_only
    glcd_spi_stm32.o(i.GLCD_Bargraph) refers to glcd_spi_stm32.o(i.wr_dat_stop) for wr_dat_stop
    glcd_spi_stm32.o(i.GLCD_Bargraph) refers to glcd_spi_stm32.o(.data) for Color
    glcd_spi_stm32.o(i.GLCD_Bitmap) refers to glcd_spi_stm32.o(i.GLCD_SetWindow) for GLCD_SetWindow
    glcd_spi_stm32.o(i.GLCD_Bitmap) refers to glcd_spi_stm32.o(i.wr_cmd) for wr_cmd
    glcd_spi_stm32.o(i.GLCD_Bitmap) refers to glcd_spi_stm32.o(i.wr_dat_start) for wr_dat_start
    glcd_spi_stm32.o(i.GLCD_Bitmap) refers to glcd_spi_stm32.o(i.wr_dat_only) for wr_dat_only
    glcd_spi_stm32.o(i.GLCD_Bitmap) refers to glcd_spi_stm32.o(i.wr_dat_stop) for wr_dat_stop
    glcd_spi_stm32.o(i.GLCD_Clear) refers to glcd_spi_stm32.o(i.GLCD_WindowMax) for GLCD_WindowMax
    glcd_spi_stm32.o(i.GLCD_Clear) refers to glcd_spi_stm32.o(i.wr_cmd) for wr_cmd
    glcd_spi_stm32.o(i.GLCD_Clear) refers to glcd_spi_stm32.o(i.wr_dat_start) for wr_dat_start
    glcd_spi_stm32.o(i.GLCD_Clear) refers to glcd_spi_stm32.o(i.wr_dat_only) for wr_dat_only
    glcd_spi_stm32.o(i.GLCD_Clear) refers to glcd_spi_stm32.o(i.wr_dat_stop) for wr_dat_stop
    glcd_spi_stm32.o(i.GLCD_ClearLn) refers to glcd_spi_stm32.o(i.GLCD_WindowMax) for GLCD_WindowMax
    glcd_spi_stm32.o(i.GLCD_ClearLn) refers to glcd_spi_stm32.o(i.GLCD_DisplayString) for GLCD_DisplayString
    glcd_spi_stm32.o(i.GLCD_DisplayChar) refers to glcd_spi_stm32.o(i.GLCD_DrawChar) for GLCD_DrawChar
    glcd_spi_stm32.o(i.GLCD_DisplayChar) refers to glcd_spi_stm32.o(.constdata) for Font_6x8_h
    glcd_spi_stm32.o(i.GLCD_DisplayString) refers to glcd_spi_stm32.o(i.GLCD_DisplayChar) for GLCD_DisplayChar
    glcd_spi_stm32.o(i.GLCD_DrawChar) refers to glcd_spi_stm32.o(i.GLCD_SetWindow) for GLCD_SetWindow
    glcd_spi_stm32.o(i.GLCD_DrawChar) refers to glcd_spi_stm32.o(i.wr_cmd) for wr_cmd
    glcd_spi_stm32.o(i.GLCD_DrawChar) refers to glcd_spi_stm32.o(i.wr_dat_start) for wr_dat_start
    glcd_spi_stm32.o(i.GLCD_DrawChar) refers to glcd_spi_stm32.o(i.wr_dat_only) for wr_dat_only
    glcd_spi_stm32.o(i.GLCD_DrawChar) refers to glcd_spi_stm32.o(i.wr_dat_stop) for wr_dat_stop
    glcd_spi_stm32.o(i.GLCD_DrawChar) refers to glcd_spi_stm32.o(.data) for Color
    glcd_spi_stm32.o(i.GLCD_Init) refers to glcd_spi_stm32.o(i.rd_id_man) for rd_id_man
    glcd_spi_stm32.o(i.GLCD_Init) refers to glcd_spi_stm32.o(i.rd_reg) for rd_reg
    glcd_spi_stm32.o(i.GLCD_Init) refers to glcd_spi_stm32.o(i.wr_reg) for wr_reg
    glcd_spi_stm32.o(i.GLCD_Init) refers to glcd_spi_stm32.o(i.delay) for delay
    glcd_spi_stm32.o(i.GLCD_Init) refers to glcd_spi_stm32.o(.data) for Himax
    glcd_spi_stm32.o(i.GLCD_PutPixel) refers to glcd_spi_stm32.o(i.wr_reg) for wr_reg
    glcd_spi_stm32.o(i.GLCD_PutPixel) refers to glcd_spi_stm32.o(i.wr_cmd) for wr_cmd
    glcd_spi_stm32.o(i.GLCD_PutPixel) refers to glcd_spi_stm32.o(i.wr_dat) for wr_dat
    glcd_spi_stm32.o(i.GLCD_PutPixel) refers to glcd_spi_stm32.o(.data) for Himax
    glcd_spi_stm32.o(i.GLCD_SetBackColor) refers to glcd_spi_stm32.o(.data) for Color
    glcd_spi_stm32.o(i.GLCD_SetTextColor) refers to glcd_spi_stm32.o(.data) for Color
    glcd_spi_stm32.o(i.GLCD_SetWindow) refers to glcd_spi_stm32.o(i.wr_reg) for wr_reg
    glcd_spi_stm32.o(i.GLCD_SetWindow) refers to glcd_spi_stm32.o(.data) for Himax
    glcd_spi_stm32.o(i.GLCD_WindowMax) refers to glcd_spi_stm32.o(i.GLCD_SetWindow) for GLCD_SetWindow
    glcd_spi_stm32.o(i.GLCD_WrCmd) refers to glcd_spi_stm32.o(i.wr_cmd) for wr_cmd
    glcd_spi_stm32.o(i.GLCD_WrReg) refers to glcd_spi_stm32.o(i.wr_reg) for wr_reg
    glcd_spi_stm32.o(i.rd_id_man) refers to glcd_spi_stm32.o(i.spi_tran_man) for spi_tran_man
    glcd_spi_stm32.o(i.rd_reg) refers to glcd_spi_stm32.o(i.wr_cmd) for wr_cmd
    glcd_spi_stm32.o(i.rd_reg) refers to glcd_spi_stm32.o(i.spi_tran) for spi_tran
    glcd_spi_stm32.o(i.spi_tran_man) refers to glcd_spi_stm32.o(i.delay) for delay
    glcd_spi_stm32.o(i.wr_cmd) refers to glcd_spi_stm32.o(i.spi_tran) for spi_tran
    glcd_spi_stm32.o(i.wr_dat) refers to glcd_spi_stm32.o(i.spi_tran) for spi_tran
    glcd_spi_stm32.o(i.wr_dat_only) refers to glcd_spi_stm32.o(i.spi_tran) for spi_tran
    glcd_spi_stm32.o(i.wr_dat_start) refers to glcd_spi_stm32.o(i.spi_tran) for spi_tran
    glcd_spi_stm32.o(i.wr_reg) refers to glcd_spi_stm32.o(i.wr_cmd) for wr_cmd
    glcd_spi_stm32.o(i.wr_reg) refers to glcd_spi_stm32.o(i.wr_dat) for wr_dat
    irq.o(i.SysTick_Handler) refers to irq.o(.data) for ticks
    statemachine.o(i.EXTI0_IRQHandler) refers to glcd_spi_stm32.o(i.GLCD_Clear) for GLCD_Clear
    statemachine.o(i.EXTI0_IRQHandler) refers to glcd_spi_stm32.o(i.delay) for delay
    statemachine.o(i.EXTI0_IRQHandler) refers to statemachine.o(.data) for state
    statemachine.o(i.EXTI0_IRQHandler) refers to statemachine.o(.constdata) for led_mask
    statemachine.o(i.EXTI15_10_IRQHandler) refers to glcd_spi_stm32.o(i.GLCD_Clear) for GLCD_Clear
    statemachine.o(i.EXTI15_10_IRQHandler) refers to statemachine.o(.data) for state
    statemachine.o(i.TIM3_IRQHandler) refers to statemachine.o(.data) for timer_counter
    statemachine.o(i.main) refers to system_stm32f10x_cl.o(i.SystemInit) for SystemInit
    statemachine.o(i.main) refers to statemachine.o(i.NVIC_EnableIRQ) for NVIC_EnableIRQ
    statemachine.o(i.main) refers to glcd_spi_stm32.o(i.GLCD_Init) for GLCD_Init
    statemachine.o(i.main) refers to glcd_spi_stm32.o(i.GLCD_Clear) for GLCD_Clear
    statemachine.o(i.main) refers to glcd_spi_stm32.o(i.GLCD_SetBackColor) for GLCD_SetBackColor
    statemachine.o(i.main) refers to glcd_spi_stm32.o(i.GLCD_SetTextColor) for GLCD_SetTextColor
    statemachine.o(i.main) refers to glcd_spi_stm32.o(i.GLCD_DisplayString) for GLCD_DisplayString
    statemachine.o(i.main) refers to statemachine.o(.data) for state
    system_stm32f10x_cl.o(i.SystemInit) refers to dflti.o(.text) for __aeabi_i2d
    system_stm32f10x_cl.o(i.SystemInit) refers to dmul.o(.text) for __aeabi_dmul
    system_stm32f10x_cl.o(i.SystemInit) refers to dfixui.o(.text) for __aeabi_d2uiz
    system_stm32f10x_cl.o(i.SystemInit) refers to system_stm32f10x_cl.o(.data) for SystemFrequency_SysClk
    startup_stm32f10x_cl.o(RESET) refers to startup_stm32f10x_cl.o(STACK) for __initial_sp
    startup_stm32f10x_cl.o(RESET) refers to startup_stm32f10x_cl.o(.text) for Reset_Handler
    startup_stm32f10x_cl.o(RESET) refers to irq.o(i.SysTick_Handler) for SysTick_Handler
    startup_stm32f10x_cl.o(RESET) refers to statemachine.o(i.EXTI0_IRQHandler) for EXTI0_IRQHandler
    startup_stm32f10x_cl.o(RESET) refers to statemachine.o(i.EXTI9_5_IRQHandler) for EXTI9_5_IRQHandler
    startup_stm32f10x_cl.o(RESET) refers to statemachine.o(i.TIM3_IRQHandler) for TIM3_IRQHandler
    startup_stm32f10x_cl.o(RESET) refers to statemachine.o(i.EXTI15_10_IRQHandler) for EXTI15_10_IRQHandler
    startup_stm32f10x_cl.o(.text) refers to system_stm32f10x_cl.o(i.SystemInit) for SystemInit
    startup_stm32f10x_cl.o(.text) refers to entry.o(.ARM.Collect$$$$00000000) for __main
    entry.o(.ARM.Collect$$$$00000000) refers (Special) to entry10a.o(.ARM.Collect$$$$0000000D) for __rt_final_cpp
    entry.o(.ARM.Collect$$$$00000000) refers (Special) to entry11a.o(.ARM.Collect$$$$0000000F) for __rt_final_exit
    entry.o(.ARM.Collect$$$$00000000) refers (Special) to entry7b.o(.ARM.Collect$$$$00000008) for _main_clock
    entry.o(.ARM.Collect$$$$00000000) refers (Special) to entry8b.o(.ARM.Collect$$$$0000000A) for _main_cpp_init
    entry.o(.ARM.Collect$$$$00000000) refers (Special) to entry9a.o(.ARM.Collect$$$$0000000B) for _main_init
    entry.o(.ARM.Collect$$$$00000000) refers (Special) to entry5.o(.ARM.Collect$$$$00000004) for _main_scatterload
    entry.o(.ARM.Collect$$$$00000000) refers (Special) to entry2.o(.ARM.Collect$$$$00000001) for _main_stk
    dmul.o(.text) refers (Special) to iusefp.o(.text) for __I$use$fp
    dmul.o(.text) refers to depilogue.o(.text) for _double_epilogue
    dflti.o(.text) refers (Special) to iusefp.o(.text) for __I$use$fp
    dflti.o(.text) refers to depilogue.o(.text) for _double_epilogue
    dfixui.o(.text) refers (Special) to iusefp.o(.text) for __I$use$fp
    dfixui.o(.text) refers to llushr.o(.text) for __aeabi_llsr
    entry2.o(.ARM.Collect$$$$00000001) refers to entry2.o(.ARM.Collect$$$$00002712) for __lit__00000000
    entry2.o(.ARM.Collect$$$$00002712) refers to startup_stm32f10x_cl.o(STACK) for __initial_sp
    entry2.o(__vectab_stack_and_reset_area) refers to startup_stm32f10x_cl.o(STACK) for __initial_sp
    entry2.o(__vectab_stack_and_reset_area) refers to entry.o(.ARM.Collect$$$$00000000) for __main
    entry5.o(.ARM.Collect$$$$00000004) refers to init.o(.text) for __scatterload
    entry9a.o(.ARM.Collect$$$$0000000B) refers to statemachine.o(i.main) for main
    entry9b.o(.ARM.Collect$$$$0000000C) refers to statemachine.o(i.main) for main
    depilogue.o(.text) refers to llshl.o(.text) for __aeabi_llsl
    depilogue.o(.text) refers to llushr.o(.text) for __aeabi_llsr
    init.o(.text) refers to entry5.o(.ARM.Collect$$$$00000004) for __main_after_scatterload


==============================================================================

Removing Unused input sections from the image.

    Removing glcd_spi_stm32.o(.rev16_text), (4 bytes).
    Removing glcd_spi_stm32.o(.revsh_text), (4 bytes).
    Removing glcd_spi_stm32.o(i.GLCD_Bargraph), (104 bytes).
    Removing glcd_spi_stm32.o(i.GLCD_Bitmap), (82 bytes).
    Removing glcd_spi_stm32.o(i.GLCD_ClearLn), (94 bytes).
    Removing glcd_spi_stm32.o(i.GLCD_PutPixel), (128 bytes).
    Removing glcd_spi_stm32.o(i.GLCD_ScrollVertical), (2 bytes).
    Removing glcd_spi_stm32.o(i.GLCD_WrCmd), (12 bytes).
    Removing glcd_spi_stm32.o(i.GLCD_WrReg), (16 bytes).
    Removing statemachine.o(.rev16_text), (4 bytes).
    Removing statemachine.o(.revsh_text), (4 bytes).
    Removing system_stm32f10x_cl.o(.rev16_text), (4 bytes).
    Removing system_stm32f10x_cl.o(.revsh_text), (4 bytes).
    Removing startup_stm32f10x_cl.o(HEAP), (512 bytes).

14 unused section(s) (total 974 bytes) removed from the image.

==============================================================================

Image Symbol Table

    Local Symbols

    Symbol Name                              Value     Ov Type        Size  Object(Section)

    ../clib/microlib/init/entry.s            0x00000000   Number         0  entry.o ABSOLUTE
    ../clib/microlib/init/entry.s            0x00000000   Number         0  entry7b.o ABSOLUTE
    ../clib/microlib/init/entry.s            0x00000000   Number         0  entry11b.o ABSOLUTE
    ../clib/microlib/init/entry.s            0x00000000   Number         0  entry8a.o ABSOLUTE
    ../clib/microlib/init/entry.s            0x00000000   Number         0  entry11a.o ABSOLUTE
    ../clib/microlib/init/entry.s            0x00000000   Number         0  entry10b.o ABSOLUTE
    ../clib/microlib/init/entry.s            0x00000000   Number         0  entry7a.o ABSOLUTE
    ../clib/microlib/init/entry.s            0x00000000   Number         0  entry10a.o ABSOLUTE
    ../clib/microlib/init/entry.s            0x00000000   Number         0  entry9b.o ABSOLUTE
    ../clib/microlib/init/entry.s            0x00000000   Number         0  entry8b.o ABSOLUTE
    ../clib/microlib/init/entry.s            0x00000000   Number         0  entry9a.o ABSOLUTE
    ../clib/microlib/init/entry.s            0x00000000   Number         0  entry5.o ABSOLUTE
    ../clib/microlib/init/entry.s            0x00000000   Number         0  entry2.o ABSOLUTE
    ../clib/microlib/longlong.c              0x00000000   Number         0  llshl.o ABSOLUTE
    ../clib/microlib/longlong.c              0x00000000   Number         0  llushr.o ABSOLUTE
    ../clib/microlib/stubs.s                 0x00000000   Number         0  iusefp.o ABSOLUTE
    ../fplib/microlib/fpepilogue.c           0x00000000   Number         0  depilogue.o ABSOLUTE
    ../fplib/microlib/fpfix.c                0x00000000   Number         0  dfixui.o ABSOLUTE
    ../fplib/microlib/fpflt.c                0x00000000   Number         0  dflti.o ABSOLUTE
    ../fplib/microlib/fpmul.c                0x00000000   Number         0  dmul.o ABSOLUTE
    GLCD_SPI_STM32.c                         0x00000000   Number         0  glcd_spi_stm32.o ABSOLUTE
    GLCD_SPI_STM32.c                         0x00000000   Number         0  glcd_spi_stm32.o ABSOLUTE
    IRQ.c                                    0x00000000   Number         0  irq.o ABSOLUTE
    dc.s                                     0x00000000   Number         0  dc.o ABSOLUTE
    handlers.s                               0x00000000   Number         0  handlers.o ABSOLUTE
    init.s                                   0x00000000   Number         0  init.o ABSOLUTE
    startup_stm32f10x_cl.s                   0x00000000   Number         0  startup_stm32f10x_cl.o ABSOLUTE
    statemachine.c                           0x00000000   Number         0  statemachine.o ABSOLUTE
    statemachine.c                           0x00000000   Number         0  statemachine.o ABSOLUTE
    system_stm32f10x_cl.c                    0x00000000   Number         0  system_stm32f10x_cl.o ABSOLUTE
    system_stm32f10x_cl.c                    0x00000000   Number         0  system_stm32f10x_cl.o ABSOLUTE
    RESET                                    0x08000000   Section      336  startup_stm32f10x_cl.o(RESET)
    .ARM.Collect$$$$00000000                 0x08000150   Section        0  entry.o(.ARM.Collect$$$$00000000)
    .ARM.Collect$$$$00000001                 0x08000150   Section        4  entry2.o(.ARM.Collect$$$$00000001)
    .ARM.Collect$$$$00000004                 0x08000154   Section        4  entry5.o(.ARM.Collect$$$$00000004)
    .ARM.Collect$$$$00000008                 0x08000158   Section        0  entry7b.o(.ARM.Collect$$$$00000008)
    .ARM.Collect$$$$0000000A                 0x08000158   Section        0  entry8b.o(.ARM.Collect$$$$0000000A)
    .ARM.Collect$$$$0000000B                 0x08000158   Section        8  entry9a.o(.ARM.Collect$$$$0000000B)
    .ARM.Collect$$$$0000000D                 0x08000160   Section        0  entry10a.o(.ARM.Collect$$$$0000000D)
    .ARM.Collect$$$$0000000F                 0x08000160   Section        0  entry11a.o(.ARM.Collect$$$$0000000F)
    .ARM.Collect$$$$00002712                 0x08000160   Section        4  entry2.o(.ARM.Collect$$$$00002712)
    __lit__00000000                          0x08000160   Data           4  entry2.o(.ARM.Collect$$$$00002712)
    .text                                    0x08000164   Section       36  startup_stm32f10x_cl.o(.text)
    .text                                    0x08000188   Section        0  dmul.o(.text)
    .text                                    0x0800026c   Section        0  dflti.o(.text)
    .text                                    0x0800028e   Section        0  dfixui.o(.text)
    .text                                    0x080002c0   Section        0  llushr.o(.text)
    .text                                    0x080002e0   Section        0  depilogue.o(.text)
    .text                                    0x080002e0   Section        0  iusefp.o(.text)
    .text                                    0x0800039c   Section       36  init.o(.text)
    .text                                    0x080003c0   Section        0  llshl.o(.text)
    i.EXTI0_IRQHandler                       0x080003e0   Section        0  statemachine.o(i.EXTI0_IRQHandler)
    i.EXTI15_10_IRQHandler                   0x08000454   Section        0  statemachine.o(i.EXTI15_10_IRQHandler)
    i.EXTI9_5_IRQHandler                     0x08000484   Section        0  statemachine.o(i.EXTI9_5_IRQHandler)
    i.GLCD_Clear                             0x08000498   Section        0  glcd_spi_stm32.o(i.GLCD_Clear)
    i.GLCD_DisplayChar                       0x080004c4   Section        0  glcd_spi_stm32.o(i.GLCD_DisplayChar)
    i.GLCD_DisplayString                     0x08000520   Section        0  glcd_spi_stm32.o(i.GLCD_DisplayString)
    i.GLCD_DrawChar                          0x08000548   Section        0  glcd_spi_stm32.o(i.GLCD_DrawChar)
    i.GLCD_Init                              0x080005e4   Section        0  glcd_spi_stm32.o(i.GLCD_Init)
    i.GLCD_SetBackColor                      0x08000bd4   Section        0  glcd_spi_stm32.o(i.GLCD_SetBackColor)
    i.GLCD_SetTextColor                      0x08000be0   Section        0  glcd_spi_stm32.o(i.GLCD_SetTextColor)
    i.GLCD_SetWindow                         0x08000bec   Section        0  glcd_spi_stm32.o(i.GLCD_SetWindow)
    i.GLCD_WindowMax                         0x08000c98   Section        0  glcd_spi_stm32.o(i.GLCD_WindowMax)
    i.NVIC_EnableIRQ                         0x08000caa   Section        0  statemachine.o(i.NVIC_EnableIRQ)
    NVIC_EnableIRQ                           0x08000cab   Thumb Code    22  statemachine.o(i.NVIC_EnableIRQ)
    i.SysTick_Handler                        0x08000cc0   Section        0  irq.o(i.SysTick_Handler)
    i.SystemInit                             0x08000d08   Section        0  system_stm32f10x_cl.o(i.SystemInit)
    i.TIM3_IRQHandler                        0x08000ef8   Section        0  statemachine.o(i.TIM3_IRQHandler)
    i.__scatterload_copy                     0x08000f24   Section       14  handlers.o(i.__scatterload_copy)
    i.__scatterload_null                     0x08000f32   Section        2  handlers.o(i.__scatterload_null)
    i.__scatterload_zeroinit                 0x08000f34   Section       14  handlers.o(i.__scatterload_zeroinit)
    i.delay                                  0x08000f42   Section        0  glcd_spi_stm32.o(i.delay)
    i.main                                   0x08000f50   Section        0  statemachine.o(i.main)
    i.rd_id_man                              0x080013b0   Section        0  glcd_spi_stm32.o(i.rd_id_man)
    rd_id_man                                0x080013b1   Thumb Code   124  glcd_spi_stm32.o(i.rd_id_man)
    i.rd_reg                                 0x08001440   Section        0  glcd_spi_stm32.o(i.rd_reg)
    rd_reg                                   0x08001441   Thumb Code    72  glcd_spi_stm32.o(i.rd_reg)
    i.spi_tran                               0x0800148c   Section        0  glcd_spi_stm32.o(i.spi_tran)
    spi_tran                                 0x0800148d   Thumb Code    30  glcd_spi_stm32.o(i.spi_tran)
    i.spi_tran_man                           0x080014b0   Section        0  glcd_spi_stm32.o(i.spi_tran_man)
    spi_tran_man                             0x080014b1   Thumb Code   132  glcd_spi_stm32.o(i.spi_tran_man)
    i.wr_cmd                                 0x08001538   Section        0  glcd_spi_stm32.o(i.wr_cmd)
    wr_cmd                                   0x08001539   Thumb Code    42  glcd_spi_stm32.o(i.wr_cmd)
    i.wr_dat                                 0x08001568   Section        0  glcd_spi_stm32.o(i.wr_dat)
    wr_dat                                   0x08001569   Thumb Code    42  glcd_spi_stm32.o(i.wr_dat)
    i.wr_dat_only                            0x08001598   Section        0  glcd_spi_stm32.o(i.wr_dat_only)
    wr_dat_only                              0x08001599   Thumb Code    18  glcd_spi_stm32.o(i.wr_dat_only)
    i.wr_dat_start                           0x080015ac   Section        0  glcd_spi_stm32.o(i.wr_dat_start)
    wr_dat_start                             0x080015ad   Thumb Code    18  glcd_spi_stm32.o(i.wr_dat_start)
    i.wr_dat_stop                            0x080015c4   Section        0  glcd_spi_stm32.o(i.wr_dat_stop)
    wr_dat_stop                              0x080015c5   Thumb Code    10  glcd_spi_stm32.o(i.wr_dat_stop)
    i.wr_reg                                 0x080015d4   Section        0  glcd_spi_stm32.o(i.wr_reg)
    wr_reg                                   0x080015d5   Thumb Code    20  glcd_spi_stm32.o(i.wr_reg)
    .constdata                               0x080015e8   Section     6272  glcd_spi_stm32.o(.constdata)
    .constdata                               0x08002e68   Section       32  statemachine.o(.constdata)
    .data                                    0x20000000   Section        5  glcd_spi_stm32.o(.data)
    Color                                    0x20000000   Data           4  glcd_spi_stm32.o(.data)
    Himax                                    0x20000004   Data           1  glcd_spi_stm32.o(.data)
    .data                                    0x20000008   Section        7  irq.o(.data)
    .data                                    0x20000010   Section        8  statemachine.o(.data)
    .data                                    0x20000018   Section       20  system_stm32f10x_cl.o(.data)
    STACK                                    0x20000030   Section     1024  startup_stm32f10x_cl.o(STACK)

    Global Symbols

    Symbol Name                              Value     Ov Type        Size  Object(Section)

    BuildAttributes$$THM_ISAv4$P$D$K$B$S$PE$A:L22UL41UL21$X:L11$S22US41US21$IEEE1$IW$USESV6$~STKCKD$USESV7$~SHL$OSPACE$ROPI$EBA8$MICROLIB$REQ8$PRES8$EABIv2 0x00000000   Number         0  anon$$obj.o ABSOLUTE
    __ARM_use_no_argv                        0x00000000   Number         0  statemachine.o ABSOLUTE
    __cpp_initialize__aeabi_                  - Undefined Weak Reference
    __cxa_finalize                            - Undefined Weak Reference
    __decompress                              - Undefined Weak Reference
    _clock_init                               - Undefined Weak Reference
    _microlib_exit                            - Undefined Weak Reference
    __Vectors_Size                           0x00000150   Number         0  startup_stm32f10x_cl.o ABSOLUTE
    __Vectors                                0x08000000   Data           4  startup_stm32f10x_cl.o(RESET)
    __Vectors_End                            0x08000150   Data           0  startup_stm32f10x_cl.o(RESET)
    __main                                   0x08000151   Thumb Code     0  entry.o(.ARM.Collect$$$$00000000)
    _main_stk                                0x08000151   Thumb Code     0  entry2.o(.ARM.Collect$$$$00000001)
    _main_scatterload                        0x08000155   Thumb Code     0  entry5.o(.ARM.Collect$$$$00000004)
    __main_after_scatterload                 0x08000159   Thumb Code     0  entry5.o(.ARM.Collect$$$$00000004)
    _main_clock                              0x08000159   Thumb Code     0  entry7b.o(.ARM.Collect$$$$00000008)
    _main_cpp_init                           0x08000159   Thumb Code     0  entry8b.o(.ARM.Collect$$$$0000000A)
    _main_init                               0x08000159   Thumb Code     0  entry9a.o(.ARM.Collect$$$$0000000B)
    __rt_final_cpp                           0x08000161   Thumb Code     0  entry10a.o(.ARM.Collect$$$$0000000D)
    __rt_final_exit                          0x08000161   Thumb Code     0  entry11a.o(.ARM.Collect$$$$0000000F)
    Reset_Handler                            0x08000165   Thumb Code     8  startup_stm32f10x_cl.o(.text)
    NMI_Handler                              0x0800016d   Thumb Code     2  startup_stm32f10x_cl.o(.text)
    HardFault_Handler                        0x0800016f   Thumb Code     2  startup_stm32f10x_cl.o(.text)
    MemManage_Handler                        0x08000171   Thumb Code     2  startup_stm32f10x_cl.o(.text)
    BusFault_Handler                         0x08000173   Thumb Code     2  startup_stm32f10x_cl.o(.text)
    UsageFault_Handler                       0x08000175   Thumb Code     2  startup_stm32f10x_cl.o(.text)
    SVC_Handler                              0x08000177   Thumb Code     2  startup_stm32f10x_cl.o(.text)
    DebugMon_Handler                         0x08000179   Thumb Code     2  startup_stm32f10x_cl.o(.text)
    PendSV_Handler                           0x0800017b   Thumb Code     2  startup_stm32f10x_cl.o(.text)
    ADC1_2_IRQHandler                        0x0800017f   Thumb Code     0  startup_stm32f10x_cl.o(.text)
    CAN1_RX0_IRQHandler                      0x0800017f   Thumb Code     0  startup_stm32f10x_cl.o(.text)
    CAN1_RX1_IRQHandler                      0x0800017f   Thumb Code     0  startup_stm32f10x_cl.o(.text)
    CAN1_SCE_IRQHandler                      0x0800017f   Thumb Code     0  startup_stm32f10x_cl.o(.text)
    CAN1_TX_IRQHandler                       0x0800017f   Thumb Code     0  startup_stm32f10x_cl.o(.text)
    CAN2_RX0_IRQHandler                      0x0800017f   Thumb Code     0  startup_stm32f10x_cl.o(.text)
    CAN2_RX1_IRQHandler                      0x0800017f   Thumb Code     0  startup_stm32f10x_cl.o(.text)
    CAN2_SCE_IRQHandler                      0x0800017f   Thumb Code     0  startup_stm32f10x_cl.o(.text)
    CAN2_TX_IRQHandler                       0x0800017f   Thumb Code     0  startup_stm32f10x_cl.o(.text)
    DMA1_Channel1_IRQHandler                 0x0800017f   Thumb Code     0  startup_stm32f10x_cl.o(.text)
    DMA1_Channel2_IRQHandler                 0x0800017f   Thumb Code     0  startup_stm32f10x_cl.o(.text)
    DMA1_Channel3_IRQHandler                 0x0800017f   Thumb Code     0  startup_stm32f10x_cl.o(.text)
    DMA1_Channel4_IRQHandler                 0x0800017f   Thumb Code     0  startup_stm32f10x_cl.o(.text)
    DMA1_Channel5_IRQHandler                 0x0800017f   Thumb Code     0  startup_stm32f10x_cl.o(.text)
    DMA1_Channel6_IRQHandler                 0x0800017f   Thumb Code     0  startup_stm32f10x_cl.o(.text)
    DMA1_Channel7_IRQHandler                 0x0800017f   Thumb Code     0  startup_stm32f10x_cl.o(.text)
    DMA2_Channel1_IRQHandler                 0x0800017f   Thumb Code     0  startup_stm32f10x_cl.o(.text)
    DMA2_Channel2_IRQHandler                 0x0800017f   Thumb Code     0  startup_stm32f10x_cl.o(.text)
    DMA2_Channel3_IRQHandler                 0x0800017f   Thumb Code     0  startup_stm32f10x_cl.o(.text)
    DMA2_Channel4_IRQHandler                 0x0800017f   Thumb Code     0  startup_stm32f10x_cl.o(.text)
    DMA2_Channel5_IRQHandler                 0x0800017f   Thumb Code     0  startup_stm32f10x_cl.o(.text)
    ETH_IRQHandler                           0x0800017f   Thumb Code     0  startup_stm32f10x_cl.o(.text)
    ETH_WKUP_IRQHandler                      0x0800017f   Thumb Code     0  startup_stm32f10x_cl.o(.text)
    EXTI1_IRQHandler                         0x0800017f   Thumb Code     0  startup_stm32f10x_cl.o(.text)
    EXTI2_IRQHandler                         0x0800017f   Thumb Code     0  startup_stm32f10x_cl.o(.text)
    EXTI3_IRQHandler                         0x0800017f   Thumb Code     0  startup_stm32f10x_cl.o(.text)
    EXTI4_IRQHandler                         0x0800017f   Thumb Code     0  startup_stm32f10x_cl.o(.text)
    FLASH_IRQHandler                         0x0800017f   Thumb Code     0  startup_stm32f10x_cl.o(.text)
    I2C1_ER_IRQHandler                       0x0800017f   Thumb Code     0  startup_stm32f10x_cl.o(.text)
    I2C1_EV_IRQHandler                       0x0800017f   Thumb Code     0  startup_stm32f10x_cl.o(.text)
    I2C2_ER_IRQHandler                       0x0800017f   Thumb Code     0  startup_stm32f10x_cl.o(.text)
    I2C2_EV_IRQHandler                       0x0800017f   Thumb Code     0  startup_stm32f10x_cl.o(.text)
    OTG_FS_IRQHandler                        0x0800017f   Thumb Code     0  startup_stm32f10x_cl.o(.text)
    OTG_FS_WKUP_IRQHandler                   0x0800017f   Thumb Code     0  startup_stm32f10x_cl.o(.text)
    PVD_IRQHandler                           0x0800017f   Thumb Code     0  startup_stm32f10x_cl.o(.text)
    RCC_IRQHandler                           0x0800017f   Thumb Code     0  startup_stm32f10x_cl.o(.text)
    RTCAlarm_IRQHandler                      0x0800017f   Thumb Code     0  startup_stm32f10x_cl.o(.text)
    RTC_IRQHandler                           0x0800017f   Thumb Code     0  startup_stm32f10x_cl.o(.text)
    SPI1_IRQHandler                          0x0800017f   Thumb Code     0  startup_stm32f10x_cl.o(.text)
    SPI2_IRQHandler                          0x0800017f   Thumb Code     0  startup_stm32f10x_cl.o(.text)
    SPI3_IRQHandler                          0x0800017f   Thumb Code     0  startup_stm32f10x_cl.o(.text)
    TAMPER_IRQHandler                        0x0800017f   Thumb Code     0  startup_stm32f10x_cl.o(.text)
    TIM1_BRK_IRQHandler                      0x0800017f   Thumb Code     0  startup_stm32f10x_cl.o(.text)
    TIM1_CC_IRQHandler                       0x0800017f   Thumb Code     0  startup_stm32f10x_cl.o(.text)
    TIM1_TRG_COM_IRQHandler                  0x0800017f   Thumb Code     0  startup_stm32f10x_cl.o(.text)
    TIM1_UP_IRQHandler                       0x0800017f   Thumb Code     0  startup_stm32f10x_cl.o(.text)
    TIM2_IRQHandler                          0x0800017f   Thumb Code     0  startup_stm32f10x_cl.o(.text)
    TIM4_IRQHandler                          0x0800017f   Thumb Code     0  startup_stm32f10x_cl.o(.text)
    TIM5_IRQHandler                          0x0800017f   Thumb Code     0  startup_stm32f10x_cl.o(.text)
    TIM6_IRQHandler                          0x0800017f   Thumb Code     0  startup_stm32f10x_cl.o(.text)
    TIM7_IRQHandler                          0x0800017f   Thumb Code     0  startup_stm32f10x_cl.o(.text)
    UART4_IRQHandler                         0x0800017f   Thumb Code     0  startup_stm32f10x_cl.o(.text)
    UART5_IRQHandler                         0x0800017f   Thumb Code     0  startup_stm32f10x_cl.o(.text)
    USART1_IRQHandler                        0x0800017f   Thumb Code     0  startup_stm32f10x_cl.o(.text)
    USART2_IRQHandler                        0x0800017f   Thumb Code     0  startup_stm32f10x_cl.o(.text)
    USART3_IRQHandler                        0x0800017f   Thumb Code     0  startup_stm32f10x_cl.o(.text)
    WWDG_IRQHandler                          0x0800017f   Thumb Code     0  startup_stm32f10x_cl.o(.text)
    __aeabi_dmul                             0x08000189   Thumb Code   228  dmul.o(.text)
    __aeabi_i2d                              0x0800026d   Thumb Code    34  dflti.o(.text)
    __aeabi_d2uiz                            0x0800028f   Thumb Code    50  dfixui.o(.text)
    __aeabi_llsr                             0x080002c1   Thumb Code    32  llushr.o(.text)
    _ll_ushift_r                             0x080002c1   Thumb Code     0  llushr.o(.text)
    __I$use$fp                               0x080002e1   Thumb Code     0  iusefp.o(.text)
    _double_round                            0x080002e1   Thumb Code    30  depilogue.o(.text)
    _double_epilogue                         0x080002ff   Thumb Code   156  depilogue.o(.text)
    __scatterload                            0x0800039d   Thumb Code    28  init.o(.text)
    __scatterload_rt2                        0x0800039d   Thumb Code     0  init.o(.text)
    __aeabi_llsl                             0x080003c1   Thumb Code    30  llshl.o(.text)
    _ll_shift_l                              0x080003c1   Thumb Code     0  llshl.o(.text)
    EXTI0_IRQHandler                         0x080003e1   Thumb Code    98  statemachine.o(i.EXTI0_IRQHandler)
    EXTI15_10_IRQHandler                     0x08000455   Thumb Code    38  statemachine.o(i.EXTI15_10_IRQHandler)
    EXTI9_5_IRQHandler                       0x08000485   Thumb Code    14  statemachine.o(i.EXTI9_5_IRQHandler)
    GLCD_Clear                               0x08000499   Thumb Code    42  glcd_spi_stm32.o(i.GLCD_Clear)
    GLCD_DisplayChar                         0x080004c5   Thumb Code    84  glcd_spi_stm32.o(i.GLCD_DisplayChar)
    GLCD_DisplayString                       0x08000521   Thumb Code    40  glcd_spi_stm32.o(i.GLCD_DisplayString)
    GLCD_DrawChar                            0x08000549   Thumb Code   150  glcd_spi_stm32.o(i.GLCD_DrawChar)
    GLCD_Init                                0x080005e5   Thumb Code  1520  glcd_spi_stm32.o(i.GLCD_Init)
    GLCD_SetBackColor                        0x08000bd5   Thumb Code     6  glcd_spi_stm32.o(i.GLCD_SetBackColor)
    GLCD_SetTextColor                        0x08000be1   Thumb Code     6  glcd_spi_stm32.o(i.GLCD_SetTextColor)
    GLCD_SetWindow                           0x08000bed   Thumb Code   168  glcd_spi_stm32.o(i.GLCD_SetWindow)
    GLCD_WindowMax                           0x08000c99   Thumb Code    18  glcd_spi_stm32.o(i.GLCD_WindowMax)
    SysTick_Handler                          0x08000cc1   Thumb Code    56  irq.o(i.SysTick_Handler)
    SystemInit                               0x08000d09   Thumb Code   438  system_stm32f10x_cl.o(i.SystemInit)
    TIM3_IRQHandler                          0x08000ef9   Thumb Code    34  statemachine.o(i.TIM3_IRQHandler)
    __scatterload_copy                       0x08000f25   Thumb Code    14  handlers.o(i.__scatterload_copy)
    __scatterload_null                       0x08000f33   Thumb Code     2  handlers.o(i.__scatterload_null)
    __scatterload_zeroinit                   0x08000f35   Thumb Code    14  handlers.o(i.__scatterload_zeroinit)
    delay                                    0x08000f43   Thumb Code    14  glcd_spi_stm32.o(i.delay)
    main                                     0x08000f51   Thumb Code   670  statemachine.o(i.main)
    Font_6x8_h                               0x080015e8   Data         896  glcd_spi_stm32.o(.constdata)
    Font_16x24_h                             0x08001968   Data        5376  glcd_spi_stm32.o(.constdata)
    led_mask                                 0x08002e68   Data          32  statemachine.o(.constdata)
    Region$$Table$$Base                      0x08002e88   Number         0  anon$$obj.o(Region$$Table)
    Region$$Table$$Limit                     0x08002ea8   Number         0  anon$$obj.o(Region$$Table)
    ticks                                    0x20000008   Data           4  irq.o(.data)
    ClockLEDOn                               0x2000000c   Data           1  irq.o(.data)
    ClockLEDOff                              0x2000000d   Data           1  irq.o(.data)
    ClockANI                                 0x2000000e   Data           1  irq.o(.data)
    timer_counter                            0x20000010   Data           4  statemachine.o(.data)
    state                                    0x20000014   Data           4  statemachine.o(.data)
    SystemFrequency                          0x20000018   Data           4  system_stm32f10x_cl.o(.data)
    SystemFrequency_SysClk                   0x2000001c   Data           4  system_stm32f10x_cl.o(.data)
    SystemFrequency_AHBClk                   0x20000020   Data           4  system_stm32f10x_cl.o(.data)
    SystemFrequency_APB1Clk                  0x20000024   Data           4  system_stm32f10x_cl.o(.data)
    SystemFrequency_APB2Clk                  0x20000028   Data           4  system_stm32f10x_cl.o(.data)
    __initial_sp                             0x20000430   Data           0  startup_stm32f10x_cl.o(STACK)



==============================================================================

Memory Map of the image

  Image Entry point : 0x08000165

  Load Region LR_1 (Base: 0x08000000, Size: 0x00002ed4, Max: 0xffffffff, ABSOLUTE)

    Execution Region ER_RO (Exec base: 0x08000000, Load base: 0x08000000, Size: 0x00002ea8, Max: 0xffffffff, ABSOLUTE)

    Exec Addr    Load Addr    Size         Type   Attr      Idx    E Section Name        Object

    0x08000000   0x08000000   0x00000150   Data   RO          313    RESET               startup_stm32f10x_cl.o
    0x08000150   0x08000150   0x00000000   Code   RO          318  * .ARM.Collect$$$$00000000  mc_w.l(entry.o)
    0x08000150   0x08000150   0x00000004   Code   RO          327    .ARM.Collect$$$$00000001  mc_w.l(entry2.o)
    0x08000154   0x08000154   0x00000004   Code   RO          330    .ARM.Collect$$$$00000004  mc_w.l(entry5.o)
    0x08000158   0x08000158   0x00000000   Code   RO          332    .ARM.Collect$$$$00000008  mc_w.l(entry7b.o)
    0x08000158   0x08000158   0x00000000   Code   RO          334    .ARM.Collect$$$$0000000A  mc_w.l(entry8b.o)
    0x08000158   0x08000158   0x00000008   Code   RO          335    .ARM.Collect$$$$0000000B  mc_w.l(entry9a.o)
    0x08000160   0x08000160   0x00000000   Code   RO          337    .ARM.Collect$$$$0000000D  mc_w.l(entry10a.o)
    0x08000160   0x08000160   0x00000000   Code   RO          339    .ARM.Collect$$$$0000000F  mc_w.l(entry11a.o)
    0x08000160   0x08000160   0x00000004   Code   RO          328    .ARM.Collect$$$$00002712  mc_w.l(entry2.o)
    0x08000164   0x08000164   0x00000024   Code   RO          314  * .text               startup_stm32f10x_cl.o
    0x08000188   0x08000188   0x000000e4   Code   RO          321    .text               mf_w.l(dmul.o)
    0x0800026c   0x0800026c   0x00000022   Code   RO          323    .text               mf_w.l(dflti.o)
    0x0800028e   0x0800028e   0x00000032   Code   RO          325    .text               mf_w.l(dfixui.o)
    0x080002c0   0x080002c0   0x00000020   Code   RO          341    .text               mc_w.l(llushr.o)
    0x080002e0   0x080002e0   0x00000000   Code   RO          343    .text               mc_w.l(iusefp.o)
    0x080002e0   0x080002e0   0x000000ba   Code   RO          344    .text               mf_w.l(depilogue.o)
    0x0800039a   0x0800039a   0x00000002   PAD
    0x0800039c   0x0800039c   0x00000024   Code   RO          346    .text               mc_w.l(init.o)
    0x080003c0   0x080003c0   0x0000001e   Code   RO          348    .text               mc_w.l(llshl.o)
    0x080003de   0x080003de   0x00000002   PAD
    0x080003e0   0x080003e0   0x00000074   Code   RO          219    i.EXTI0_IRQHandler  statemachine.o
    0x08000454   0x08000454   0x00000030   Code   RO          220    i.EXTI15_10_IRQHandler  statemachine.o
    0x08000484   0x08000484   0x00000014   Code   RO          221    i.EXTI9_5_IRQHandler  statemachine.o
    0x08000498   0x08000498   0x0000002a   Code   RO            5    i.GLCD_Clear        glcd_spi_stm32.o
    0x080004c2   0x080004c2   0x00000002   PAD
    0x080004c4   0x080004c4   0x0000005c   Code   RO            7    i.GLCD_DisplayChar  glcd_spi_stm32.o
    0x08000520   0x08000520   0x00000028   Code   RO            8    i.GLCD_DisplayString  glcd_spi_stm32.o
    0x08000548   0x08000548   0x0000009c   Code   RO            9    i.GLCD_DrawChar     glcd_spi_stm32.o
    0x080005e4   0x080005e4   0x000005f0   Code   RO           10    i.GLCD_Init         glcd_spi_stm32.o
    0x08000bd4   0x08000bd4   0x0000000c   Code   RO           13    i.GLCD_SetBackColor  glcd_spi_stm32.o
    0x08000be0   0x08000be0   0x0000000c   Code   RO           14    i.GLCD_SetTextColor  glcd_spi_stm32.o
    0x08000bec   0x08000bec   0x000000ac   Code   RO           15    i.GLCD_SetWindow    glcd_spi_stm32.o
    0x08000c98   0x08000c98   0x00000012   Code   RO           16    i.GLCD_WindowMax    glcd_spi_stm32.o
    0x08000caa   0x08000caa   0x00000016   Code   RO          222    i.NVIC_EnableIRQ    statemachine.o
    0x08000cc0   0x08000cc0   0x00000048   Code   RO          203    i.SysTick_Handler   irq.o
    0x08000d08   0x08000d08   0x000001f0   Code   RO          287    i.SystemInit        system_stm32f10x_cl.o
    0x08000ef8   0x08000ef8   0x0000002c   Code   RO          223    i.TIM3_IRQHandler   statemachine.o
    0x08000f24   0x08000f24   0x0000000e   Code   RO          352    i.__scatterload_copy  mc_w.l(handlers.o)
    0x08000f32   0x08000f32   0x00000002   Code   RO          353    i.__scatterload_null  mc_w.l(handlers.o)
    0x08000f34   0x08000f34   0x0000000e   Code   RO          354    i.__scatterload_zeroinit  mc_w.l(handlers.o)
    0x08000f42   0x08000f42   0x0000000e   Code   RO           19    i.delay             glcd_spi_stm32.o
    0x08000f50   0x08000f50   0x00000460   Code   RO          224    i.main              statemachine.o
    0x080013b0   0x080013b0   0x00000090   Code   RO           20    i.rd_id_man         glcd_spi_stm32.o
    0x08001440   0x08001440   0x0000004c   Code   RO           21    i.rd_reg            glcd_spi_stm32.o
    0x0800148c   0x0800148c   0x00000024   Code   RO           22    i.spi_tran          glcd_spi_stm32.o
    0x080014b0   0x080014b0   0x00000088   Code   RO           23    i.spi_tran_man      glcd_spi_stm32.o
    0x08001538   0x08001538   0x00000030   Code   RO           24    i.wr_cmd            glcd_spi_stm32.o
    0x08001568   0x08001568   0x00000030   Code   RO           25    i.wr_dat            glcd_spi_stm32.o
    0x08001598   0x08001598   0x00000012   Code   RO           26    i.wr_dat_only       glcd_spi_stm32.o
    0x080015aa   0x080015aa   0x00000002   PAD
    0x080015ac   0x080015ac   0x00000018   Code   RO           27    i.wr_dat_start      glcd_spi_stm32.o
    0x080015c4   0x080015c4   0x00000010   Code   RO           28    i.wr_dat_stop       glcd_spi_stm32.o
    0x080015d4   0x080015d4   0x00000014   Code   RO           29    i.wr_reg            glcd_spi_stm32.o
    0x080015e8   0x080015e8   0x00001880   Data   RO           30    .constdata          glcd_spi_stm32.o
    0x08002e68   0x08002e68   0x00000020   Data   RO          225    .constdata          statemachine.o
    0x08002e88   0x08002e88   0x00000020   Data   RO          350    Region$$Table       anon$$obj.o


    Execution Region ER_RW (Exec base: 0x20000000, Load base: 0x08002ea8, Size: 0x0000002c, Max: 0xffffffff, ABSOLUTE)

    Exec Addr    Load Addr    Size         Type   Attr      Idx    E Section Name        Object

    0x20000000   0x08002ea8   0x00000005   Data   RW           31    .data               glcd_spi_stm32.o
    0x20000005   0x08002ead   0x00000003   PAD
    0x20000008   0x08002eb0   0x00000007   Data   RW          204    .data               irq.o
    0x2000000f   0x08002eb7   0x00000001   PAD
    0x20000010   0x08002eb8   0x00000008   Data   RW          226    .data               statemachine.o
    0x20000018   0x08002ec0   0x00000014   Data   RW          288    .data               system_stm32f10x_cl.o


    Execution Region ER_ZI (Exec base: 0x2000002c, Load base: 0x08002ed4, Size: 0x00000404, Max: 0xffffffff, ABSOLUTE)

    Exec Addr    Load Addr    Size         Type   Attr      Idx    E Section Name        Object

    0x2000002c   0x08002ed4   0x00000004   PAD
    0x20000030        -       0x00000400   Zero   RW          311    STACK               startup_stm32f10x_cl.o


==============================================================================

Image component sizes


      Code (inc. data)   RO Data    RW Data    ZI Data      Debug   Object Name

      2644        120       6272          5          0      40165   glcd_spi_stm32.o
        72         16          0          7          0        762   irq.o
        36          8        336          0       1024        776   startup_stm32f10x_cl.o
      1370        500         32          8          0      25762   statemachine.o
       496         58          0         20          0       1361   system_stm32f10x_cl.o

    ----------------------------------------------------------------------
      4622        702       6672         44       1028      68826   Object Totals
         0          0         32          0          0          0   (incl. Generated)
         4          0          0          4          4          0   (incl. Padding)

    ----------------------------------------------------------------------

      Code (inc. data)   RO Data    RW Data    ZI Data      Debug   Library Member Name

         0          0          0          0          0          0   entry.o
         0          0          0          0          0          0   entry10a.o
         0          0          0          0          0          0   entry11a.o
         8          4          0          0          0          0   entry2.o
         4          0          0          0          0          0   entry5.o
         0          0          0          0          0          0   entry7b.o
         0          0          0          0          0          0   entry8b.o
         8          4          0          0          0          0   entry9a.o
        30          0          0          0          0          0   handlers.o
        36          8          0          0          0         68   init.o
         0          0          0          0          0          0   iusefp.o
        30          0          0          0          0         68   llshl.o
        32          0          0          0          0         68   llushr.o
       186          0          0          0          0        176   depilogue.o
        50          0          0          0          0         76   dfixui.o
        34          0          0          0          0         76   dflti.o
       228          0          0          0          0         96   dmul.o

    ----------------------------------------------------------------------
       650         16          0          0          0        628   Library Totals
         4          0          0          0          0          0   (incl. Padding)

    ----------------------------------------------------------------------

      Code (inc. data)   RO Data    RW Data    ZI Data      Debug   Library Name

       148         16          0          0          0        204   mc_w.l
       498          0          0          0          0        424   mf_w.l

    ----------------------------------------------------------------------
       650         16          0          0          0        628   Library Totals

    ----------------------------------------------------------------------

==============================================================================


      Code (inc. data)   RO Data    RW Data    ZI Data      Debug   

      5272        718       6672         44       1028      67994   Grand Totals
      5272        718       6672         44       1028      67994   ELF Image Totals
      5272        718       6672         44          0          0   ROM Totals

==============================================================================

    Total RO  Size (Code + RO Data)                11944 (  11.66kB)
    Total RW  Size (RW Data + ZI Data)              1072 (   1.05kB)
    Total ROM Size (Code + RO Data + RW Data)      11988 (  11.71kB)

==============================================================================

